// Validating benchmarks:
// ***** BenchmarkRunner: Start   *****
// ***** Found 1 benchmark(s) in total *****
// ***** Building 1 exe(s) in Parallel: Start   *****
// start dotnet  restore --nodeReuse:false /p:UseSharedCompilation=false /p:Deterministic=true /p:Optimize=true /p:ArtifactsPath="/app/artifacts/bin/BenchmarkOctaneProject/release/BenchmarkOctaneProject-DefaultJob-1/" /p:OutDir="/app/artifacts/bin/BenchmarkOctaneProject/release/BenchmarkOctaneProject-DefaultJob-1/bin/Release/net8.0/" /p:OutputPath="/app/artifacts/bin/BenchmarkOctaneProject/release/BenchmarkOctaneProject-DefaultJob-1/bin/Release/net8.0/" /p:PublishDir="/app/artifacts/bin/BenchmarkOctaneProject/release/BenchmarkOctaneProject-DefaultJob-1/publish/" in /app/artifacts/bin/BenchmarkOctaneProject/release/BenchmarkOctaneProject-DefaultJob-1
// command took 2.79 sec and exited with 0
// start dotnet  build -c Release --no-restore --nodeReuse:false /p:UseSharedCompilation=false /p:Deterministic=true /p:Optimize=true /p:ArtifactsPath="/app/artifacts/bin/BenchmarkOctaneProject/release/BenchmarkOctaneProject-DefaultJob-1/" /p:OutDir="/app/artifacts/bin/BenchmarkOctaneProject/release/BenchmarkOctaneProject-DefaultJob-1/bin/Release/net8.0/" /p:OutputPath="/app/artifacts/bin/BenchmarkOctaneProject/release/BenchmarkOctaneProject-DefaultJob-1/bin/Release/net8.0/" /p:PublishDir="/app/artifacts/bin/BenchmarkOctaneProject/release/BenchmarkOctaneProject-DefaultJob-1/publish/" --output "/app/artifacts/bin/BenchmarkOctaneProject/release/BenchmarkOctaneProject-DefaultJob-1/bin/Release/net8.0/" in /app/artifacts/bin/BenchmarkOctaneProject/release/BenchmarkOctaneProject-DefaultJob-1
// command took 18.55 sec and exited with 0
// ***** Done, took 00:00:21 (21.43 sec)   *****
// Found 1 benchmarks:
//   DownloadBenchmark.DownloadFileBenchmark: DefaultJob

// **************************
// Benchmark: DownloadBenchmark.DownloadFileBenchmark: DefaultJob
// *** Execute ***
// Launch: 1 / 1
// Execute: dotnet BenchmarkOctaneProject-DefaultJob-1.dll --anonymousPipes 115 116 --benchmarkName BenchmarkOctaneProject.DownloadBenchmark.DownloadFileBenchmark --job Default --benchmarkId 0 in /app/artifacts/bin/BenchmarkOctaneProject/release/BenchmarkOctaneProject-DefaultJob-1/bin/Release/net8.0
// Failed to set up high priority (Permission denied). In order to run benchmarks with high priority, make sure you have the right permissions.
// BeforeAnythingElse

// Benchmark Process Environment Information:
// BenchmarkDotNet v0.15.8
// Runtime=.NET 8.0.24 (8.0.24, 8.0.2426.7010), X64 RyuJIT x86-64-v3
// GC=Concurrent Workstation
// HardwareIntrinsics=AVX2+BMI1+BMI2+F16C+FMA+LZCNT+MOVBE,AVX,SSE3+SSSE3+SSE4.1+SSE4.2+POPCNT,X86Base+SSE+SSE2,AES+PCLMUL VectorSize=256
// Job: DefaultJob

OverheadJitting  1: 1 op, 197576.00 ns, 197.5760 us/op
WorkloadJitting  1: 1 op, 183415643.00 ns, 183.4156 ms/op

WorkloadPilot    1: 2 op, 195634266.00 ns, 97.8171 ms/op
WorkloadPilot    2: 3 op, 298130982.00 ns, 99.3770 ms/op
WorkloadPilot    3: 4 op, 543917390.00 ns, 135.9793 ms/op

WorkloadWarmup   1: 4 op, 462282235.00 ns, 115.5706 ms/op
WorkloadWarmup   2: 4 op, 493679585.00 ns, 123.4199 ms/op
WorkloadWarmup   3: 4 op, 414049491.00 ns, 103.5124 ms/op
WorkloadWarmup   4: 4 op, 391952269.00 ns, 97.9881 ms/op
WorkloadWarmup   5: 4 op, 417089325.00 ns, 104.2723 ms/op
WorkloadWarmup   6: 4 op, 463473108.00 ns, 115.8683 ms/op
WorkloadWarmup   7: 4 op, 399445055.00 ns, 99.8613 ms/op

// BeforeActualRun
WorkloadActual   1: 4 op, 394856375.00 ns, 98.7141 ms/op
WorkloadActual   2: 4 op, 410863880.00 ns, 102.7160 ms/op
WorkloadActual   3: 4 op, 392249393.00 ns, 98.0623 ms/op
WorkloadActual   4: 4 op, 413408989.00 ns, 103.3522 ms/op
WorkloadActual   5: 4 op, 387570408.00 ns, 96.8926 ms/op
WorkloadActual   6: 4 op, 414276606.00 ns, 103.5692 ms/op
WorkloadActual   7: 4 op, 445570898.00 ns, 111.3927 ms/op
WorkloadActual   8: 4 op, 410947076.00 ns, 102.7368 ms/op
WorkloadActual   9: 4 op, 389609386.00 ns, 97.4023 ms/op
WorkloadActual  10: 4 op, 410680808.00 ns, 102.6702 ms/op
WorkloadActual  11: 4 op, 413716003.00 ns, 103.4290 ms/op
WorkloadActual  12: 4 op, 411568563.00 ns, 102.8921 ms/op
WorkloadActual  13: 4 op, 435741834.00 ns, 108.9355 ms/op
WorkloadActual  14: 4 op, 419771814.00 ns, 104.9430 ms/op
WorkloadActual  15: 4 op, 422622024.00 ns, 105.6555 ms/op
WorkloadActual  16: 4 op, 403751107.00 ns, 100.9378 ms/op
WorkloadActual  17: 4 op, 413576025.00 ns, 103.3940 ms/op
WorkloadActual  18: 4 op, 417143232.00 ns, 104.2858 ms/op
WorkloadActual  19: 4 op, 415051129.00 ns, 103.7628 ms/op
WorkloadActual  20: 4 op, 416717510.00 ns, 104.1794 ms/op
WorkloadActual  21: 4 op, 435496578.00 ns, 108.8741 ms/op
WorkloadActual  22: 4 op, 406143333.00 ns, 101.5358 ms/op
WorkloadActual  23: 4 op, 415311623.00 ns, 103.8279 ms/op
WorkloadActual  24: 4 op, 416556469.00 ns, 104.1391 ms/op
WorkloadActual  25: 4 op, 415882998.00 ns, 103.9707 ms/op

// AfterActualRun
WorkloadResult   1: 4 op, 394856375.00 ns, 98.7141 ms/op
WorkloadResult   2: 4 op, 410863880.00 ns, 102.7160 ms/op
WorkloadResult   3: 4 op, 392249393.00 ns, 98.0623 ms/op
WorkloadResult   4: 4 op, 413408989.00 ns, 103.3522 ms/op
WorkloadResult   5: 4 op, 387570408.00 ns, 96.8926 ms/op
WorkloadResult   6: 4 op, 414276606.00 ns, 103.5692 ms/op
WorkloadResult   7: 4 op, 410947076.00 ns, 102.7368 ms/op
WorkloadResult   8: 4 op, 389609386.00 ns, 97.4023 ms/op
WorkloadResult   9: 4 op, 410680808.00 ns, 102.6702 ms/op
WorkloadResult  10: 4 op, 413716003.00 ns, 103.4290 ms/op
WorkloadResult  11: 4 op, 411568563.00 ns, 102.8921 ms/op
WorkloadResult  12: 4 op, 419771814.00 ns, 104.9430 ms/op
WorkloadResult  13: 4 op, 422622024.00 ns, 105.6555 ms/op
WorkloadResult  14: 4 op, 403751107.00 ns, 100.9378 ms/op
WorkloadResult  15: 4 op, 413576025.00 ns, 103.3940 ms/op
WorkloadResult  16: 4 op, 417143232.00 ns, 104.2858 ms/op
WorkloadResult  17: 4 op, 415051129.00 ns, 103.7628 ms/op
WorkloadResult  18: 4 op, 416717510.00 ns, 104.1794 ms/op
WorkloadResult  19: 4 op, 406143333.00 ns, 101.5358 ms/op
WorkloadResult  20: 4 op, 415311623.00 ns, 103.8279 ms/op
WorkloadResult  21: 4 op, 416556469.00 ns, 104.1391 ms/op
WorkloadResult  22: 4 op, 415882998.00 ns, 103.9707 ms/op
// GC:  0 0 0 83985928 4
// Threading:  32 1 4

// AfterAll
// Benchmark Process 60918 has exited with code 0.

Mean = 102.412 ms, StdErr = 0.528 ms (0.52%), N = 22, StdDev = 2.475 ms
Min = 96.893 ms, Q1 = 101.819 ms, Median = 103.373 ms, Q3 = 103.935 ms, Max = 105.656 ms
IQR = 2.116 ms, LowerFence = 98.646 ms, UpperFence = 107.108 ms
ConfidenceInterval = [100.397 ms; 104.427 ms] (CI 99.9%), Margin = 2.015 ms (1.97% of Mean)
Skewness = -1.05, Kurtosis = 2.8, MValue = 2

// ** Remained 0 (0.0 %) benchmark(s) to run. Estimated finish 2026-08-18 23:39 (0h 0m from now) **
// ***** BenchmarkRunner: Finish  *****

// * Export *
  BenchmarkDotNet.Artifacts/results/BenchmarkOctaneProject.DownloadBenchmark-report.csv
  BenchmarkDotNet.Artifacts/results/BenchmarkOctaneProject.DownloadBenchmark-report-github.md
  BenchmarkDotNet.Artifacts/results/BenchmarkOctaneProject.DownloadBenchmark-report.html

// * Detailed results *
DownloadBenchmark.DownloadFileBenchmark: DefaultJob
Runtime = .NET 8.0.24 (8.0.24, 8.0.2426.7010), X64 RyuJIT x86-64-v3; GC = Concurrent Workstation
Mean = 102.412 ms, StdErr = 0.528 ms (0.52%), N = 22, StdDev = 2.475 ms
Min = 96.893 ms, Q1 = 101.819 ms, Median = 103.373 ms, Q3 = 103.935 ms, Max = 105.656 ms
IQR = 2.116 ms, LowerFence = 98.646 ms, UpperFence = 107.108 ms
ConfidenceInterval = [100.397 ms; 104.427 ms] (CI 99.9%), Margin = 2.015 ms (1.97% of Mean)
Skewness = -1.05, Kurtosis = 2.8, MValue = 2
-------------------- Histogram --------------------
[ 96.644 ms ; 100.078 ms) | @@@@
[100.078 ms ; 102.647 ms) | @@
[102.647 ms ; 106.815 ms) | @@@@@@@@@@@@@@@@
---------------------------------------------------

// * Summary *

BenchmarkDotNet v0.15.8, Linux Ubuntu 24.04.4 LTS (Noble Numbat)
Intel Xeon Processor 2.30GHz, 1 CPU, 4 logical and 4 physical cores
.NET SDK 10.0.103
  [Host]     : .NET 8.0.24 (8.0.24, 8.0.2426.7010), X64 RyuJIT x86-64-v3
  DefaultJob : .NET 8.0.24 (8.0.24, 8.0.2426.7010), X64 RyuJIT x86-64-v3


| Method                | Mean     | Error   | StdDev  | Allocated |
|---------------------- |---------:|--------:|--------:|----------:|
| DownloadFileBenchmark | 102.4 ms | 2.02 ms | 2.47 ms |  20.02 MB |

// * Hints *
Outliers
  DownloadBenchmark.DownloadFileBenchmark: Default -> 3 outliers were removed, 7 outliers were detected (96.89 ms..98.71 ms, 108.87 ms..111.39 ms)

// * Legends *
  Mean      : Arithmetic mean of all measurements
  Error     : Half of 99.9% confidence interval
  StdDev    : Standard deviation of all measurements
  Allocated : Allocated memory per single operation (managed only, inclusive, 1KB = 1024B)
  1 ms      : 1 Millisecond (0.001 sec)

// * Diagnostic Output - MemoryDiagnoser *


// ***** BenchmarkRunner: End *****
Run time: 00:00:15 (15.8 sec), executed benchmarks: 1

Global total time: 00:00:37 (37.41 sec), executed benchmarks: 1
// * Artifacts cleanup *
Artifacts cleanup is finished
