// Validating benchmarks:
// ***** BenchmarkRunner: Start   *****
// ***** Found 1 benchmark(s) in total *****
// ***** Building 1 exe(s) in Parallel: Start   *****
// start dotnet  restore --nodeReuse:false /p:UseSharedCompilation=false /p:Deterministic=true /p:Optimize=true /p:ArtifactsPath="/app/artifacts/bin/BenchmarkOctaneProject/release/BenchmarkOctaneProject-DefaultJob-1/" /p:OutDir="/app/artifacts/bin/BenchmarkOctaneProject/release/BenchmarkOctaneProject-DefaultJob-1/bin/Release/net8.0/" /p:OutputPath="/app/artifacts/bin/BenchmarkOctaneProject/release/BenchmarkOctaneProject-DefaultJob-1/bin/Release/net8.0/" /p:PublishDir="/app/artifacts/bin/BenchmarkOctaneProject/release/BenchmarkOctaneProject-DefaultJob-1/publish/" in /app/artifacts/bin/BenchmarkOctaneProject/release/BenchmarkOctaneProject-DefaultJob-1
// command took 2.73 sec and exited with 0
// start dotnet  build -c Release --no-restore --nodeReuse:false /p:UseSharedCompilation=false /p:Deterministic=true /p:Optimize=true /p:ArtifactsPath="/app/artifacts/bin/BenchmarkOctaneProject/release/BenchmarkOctaneProject-DefaultJob-1/" /p:OutDir="/app/artifacts/bin/BenchmarkOctaneProject/release/BenchmarkOctaneProject-DefaultJob-1/bin/Release/net8.0/" /p:OutputPath="/app/artifacts/bin/BenchmarkOctaneProject/release/BenchmarkOctaneProject-DefaultJob-1/bin/Release/net8.0/" /p:PublishDir="/app/artifacts/bin/BenchmarkOctaneProject/release/BenchmarkOctaneProject-DefaultJob-1/publish/" --output "/app/artifacts/bin/BenchmarkOctaneProject/release/BenchmarkOctaneProject-DefaultJob-1/bin/Release/net8.0/" in /app/artifacts/bin/BenchmarkOctaneProject/release/BenchmarkOctaneProject-DefaultJob-1
// command took 16.52 sec and exited with 0
// ***** Done, took 00:00:19 (19.34 sec)   *****
// Found 1 benchmarks:
//   DownloadBenchmark.DownloadFileBenchmark: DefaultJob

// **************************
// Benchmark: DownloadBenchmark.DownloadFileBenchmark: DefaultJob
// *** Execute ***
// Launch: 1 / 1
// Execute: dotnet BenchmarkOctaneProject-DefaultJob-1.dll --anonymousPipes 115 116 --benchmarkName BenchmarkOctaneProject.DownloadBenchmark.DownloadFileBenchmark --job Default --benchmarkId 0 in /app/artifacts/bin/BenchmarkOctaneProject/release/BenchmarkOctaneProject-DefaultJob-1/bin/Release/net8.0
// Failed to set up high priority (Permission denied). In order to run benchmarks with high priority, make sure you have the right permissions.
// BeforeAnythingElse

// Benchmark Process Environment Information:
// BenchmarkDotNet v0.15.8
// Runtime=.NET 8.0.24 (8.0.24, 8.0.2426.7010), X64 RyuJIT x86-64-v3
// GC=Concurrent Workstation
// HardwareIntrinsics=AVX2+BMI1+BMI2+F16C+FMA+LZCNT+MOVBE,AVX,SSE3+SSSE3+SSE4.1+SSE4.2+POPCNT,X86Base+SSE+SSE2,AES+PCLMUL VectorSize=256
// Job: DefaultJob

OverheadJitting  1: 1 op, 198258.00 ns, 198.2580 us/op
WorkloadJitting  1: 1 op, 177595462.00 ns, 177.5955 ms/op

WorkloadPilot    1: 2 op, 201661296.00 ns, 100.8306 ms/op
WorkloadPilot    2: 3 op, 280911816.00 ns, 93.6373 ms/op
WorkloadPilot    3: 4 op, 618656367.00 ns, 154.6641 ms/op

WorkloadWarmup   1: 4 op, 749370495.00 ns, 187.3426 ms/op
WorkloadWarmup   2: 4 op, 865996912.00 ns, 216.4992 ms/op
WorkloadWarmup   3: 4 op, 636137402.00 ns, 159.0344 ms/op
WorkloadWarmup   4: 4 op, 587619154.00 ns, 146.9048 ms/op
WorkloadWarmup   5: 4 op, 383680306.00 ns, 95.9201 ms/op
WorkloadWarmup   6: 4 op, 436246825.00 ns, 109.0617 ms/op
WorkloadWarmup   7: 4 op, 451654141.00 ns, 112.9135 ms/op
WorkloadWarmup   8: 4 op, 367052653.00 ns, 91.7632 ms/op

// BeforeActualRun
WorkloadActual   1: 4 op, 368233130.00 ns, 92.0583 ms/op
WorkloadActual   2: 4 op, 374342802.00 ns, 93.5857 ms/op
WorkloadActual   3: 4 op, 359229460.00 ns, 89.8074 ms/op
WorkloadActual   4: 4 op, 410149491.00 ns, 102.5374 ms/op
WorkloadActual   5: 4 op, 397108985.00 ns, 99.2772 ms/op
WorkloadActual   6: 4 op, 447035605.00 ns, 111.7589 ms/op
WorkloadActual   7: 4 op, 378655814.00 ns, 94.6640 ms/op
WorkloadActual   8: 4 op, 379052507.00 ns, 94.7631 ms/op
WorkloadActual   9: 4 op, 382896464.00 ns, 95.7241 ms/op
WorkloadActual  10: 4 op, 389274544.00 ns, 97.3186 ms/op
WorkloadActual  11: 4 op, 392564630.00 ns, 98.1412 ms/op
WorkloadActual  12: 4 op, 370357949.00 ns, 92.5895 ms/op
WorkloadActual  13: 4 op, 379151602.00 ns, 94.7879 ms/op
WorkloadActual  14: 4 op, 383606071.00 ns, 95.9015 ms/op
WorkloadActual  15: 4 op, 379071868.00 ns, 94.7680 ms/op
WorkloadActual  16: 4 op, 380695096.00 ns, 95.1738 ms/op
WorkloadActual  17: 4 op, 395339154.00 ns, 98.8348 ms/op
WorkloadActual  18: 4 op, 382013527.00 ns, 95.5034 ms/op
WorkloadActual  19: 4 op, 370023285.00 ns, 92.5058 ms/op
WorkloadActual  20: 4 op, 397647042.00 ns, 99.4118 ms/op
WorkloadActual  21: 4 op, 389405726.00 ns, 97.3514 ms/op
WorkloadActual  22: 4 op, 380537079.00 ns, 95.1343 ms/op
WorkloadActual  23: 4 op, 413206409.00 ns, 103.3016 ms/op
WorkloadActual  24: 4 op, 385633871.00 ns, 96.4085 ms/op
WorkloadActual  25: 4 op, 375839073.00 ns, 93.9598 ms/op
WorkloadActual  26: 4 op, 374492722.00 ns, 93.6232 ms/op
WorkloadActual  27: 4 op, 368973246.00 ns, 92.2433 ms/op
WorkloadActual  28: 4 op, 372220082.00 ns, 93.0550 ms/op
WorkloadActual  29: 4 op, 369495675.00 ns, 92.3739 ms/op
WorkloadActual  30: 4 op, 384482769.00 ns, 96.1207 ms/op
WorkloadActual  31: 4 op, 366815252.00 ns, 91.7038 ms/op
WorkloadActual  32: 4 op, 378035432.00 ns, 94.5089 ms/op
WorkloadActual  33: 4 op, 371859306.00 ns, 92.9648 ms/op
WorkloadActual  34: 4 op, 375760804.00 ns, 93.9402 ms/op

// AfterActualRun
WorkloadResult   1: 4 op, 368233130.00 ns, 92.0583 ms/op
WorkloadResult   2: 4 op, 374342802.00 ns, 93.5857 ms/op
WorkloadResult   3: 4 op, 359229460.00 ns, 89.8074 ms/op
WorkloadResult   4: 4 op, 410149491.00 ns, 102.5374 ms/op
WorkloadResult   5: 4 op, 397108985.00 ns, 99.2772 ms/op
WorkloadResult   6: 4 op, 378655814.00 ns, 94.6640 ms/op
WorkloadResult   7: 4 op, 379052507.00 ns, 94.7631 ms/op
WorkloadResult   8: 4 op, 382896464.00 ns, 95.7241 ms/op
WorkloadResult   9: 4 op, 389274544.00 ns, 97.3186 ms/op
WorkloadResult  10: 4 op, 392564630.00 ns, 98.1412 ms/op
WorkloadResult  11: 4 op, 370357949.00 ns, 92.5895 ms/op
WorkloadResult  12: 4 op, 379151602.00 ns, 94.7879 ms/op
WorkloadResult  13: 4 op, 383606071.00 ns, 95.9015 ms/op
WorkloadResult  14: 4 op, 379071868.00 ns, 94.7680 ms/op
WorkloadResult  15: 4 op, 380695096.00 ns, 95.1738 ms/op
WorkloadResult  16: 4 op, 395339154.00 ns, 98.8348 ms/op
WorkloadResult  17: 4 op, 382013527.00 ns, 95.5034 ms/op
WorkloadResult  18: 4 op, 370023285.00 ns, 92.5058 ms/op
WorkloadResult  19: 4 op, 397647042.00 ns, 99.4118 ms/op
WorkloadResult  20: 4 op, 389405726.00 ns, 97.3514 ms/op
WorkloadResult  21: 4 op, 380537079.00 ns, 95.1343 ms/op
WorkloadResult  22: 4 op, 385633871.00 ns, 96.4085 ms/op
WorkloadResult  23: 4 op, 375839073.00 ns, 93.9598 ms/op
WorkloadResult  24: 4 op, 374492722.00 ns, 93.6232 ms/op
WorkloadResult  25: 4 op, 368973246.00 ns, 92.2433 ms/op
WorkloadResult  26: 4 op, 372220082.00 ns, 93.0550 ms/op
WorkloadResult  27: 4 op, 369495675.00 ns, 92.3739 ms/op
WorkloadResult  28: 4 op, 384482769.00 ns, 96.1207 ms/op
WorkloadResult  29: 4 op, 366815252.00 ns, 91.7038 ms/op
WorkloadResult  30: 4 op, 378035432.00 ns, 94.5089 ms/op
WorkloadResult  31: 4 op, 371859306.00 ns, 92.9648 ms/op
WorkloadResult  32: 4 op, 375760804.00 ns, 93.9402 ms/op
// GC:  0 0 0 99240 4
// Threading:  32 0 4

// AfterAll
// Benchmark Process 70527 has exited with code 0.

Mean = 95.023 ms, StdErr = 0.474 ms (0.50%), N = 32, StdDev = 2.679 ms
Min = 89.807 ms, Q1 = 93.032 ms, Median = 94.766 ms, Q3 = 96.193 ms, Max = 102.537 ms
IQR = 3.160 ms, LowerFence = 88.292 ms, UpperFence = 100.933 ms
ConfidenceInterval = [93.303 ms; 96.744 ms] (CI 99.9%), Margin = 1.721 ms (1.81% of Mean)
Skewness = 0.65, Kurtosis = 3.29, MValue = 2

// ** Remained 0 (0.0 %) benchmark(s) to run. Estimated finish 2026-08-18 23:41 (0h 0m from now) **
// ***** BenchmarkRunner: Finish  *****

// * Export *
  BenchmarkDotNet.Artifacts/results/BenchmarkOctaneProject.DownloadBenchmark-report.csv
  BenchmarkDotNet.Artifacts/results/BenchmarkOctaneProject.DownloadBenchmark-report-github.md
  BenchmarkDotNet.Artifacts/results/BenchmarkOctaneProject.DownloadBenchmark-report.html

// * Detailed results *
DownloadBenchmark.DownloadFileBenchmark: DefaultJob
Runtime = .NET 8.0.24 (8.0.24, 8.0.2426.7010), X64 RyuJIT x86-64-v3; GC = Concurrent Workstation
Mean = 95.023 ms, StdErr = 0.474 ms (0.50%), N = 32, StdDev = 2.679 ms
Min = 89.807 ms, Q1 = 93.032 ms, Median = 94.766 ms, Q3 = 96.193 ms, Max = 102.537 ms
IQR = 3.160 ms, LowerFence = 88.292 ms, UpperFence = 100.933 ms
ConfidenceInterval = [93.303 ms; 96.744 ms] (CI 99.9%), Margin = 1.721 ms (1.81% of Mean)
Skewness = 0.65, Kurtosis = 3.29, MValue = 2
-------------------- Histogram --------------------
[88.700 ms ;  91.272 ms) | @
[91.272 ms ;  93.547 ms) | @@@@@@@@
[93.547 ms ;  95.762 ms) | @@@@@@@@@@@@@
[95.762 ms ;  99.473 ms) | @@@@@@@@@
[99.473 ms ; 103.645 ms) | @
---------------------------------------------------

// * Summary *

BenchmarkDotNet v0.15.8, Linux Ubuntu 24.04.4 LTS (Noble Numbat)
Intel Xeon Processor 2.30GHz, 1 CPU, 4 logical and 4 physical cores
.NET SDK 10.0.103
  [Host]     : .NET 8.0.24 (8.0.24, 8.0.2426.7010), X64 RyuJIT x86-64-v3
  DefaultJob : .NET 8.0.24 (8.0.24, 8.0.2426.7010), X64 RyuJIT x86-64-v3


| Method                | Mean     | Error    | StdDev   | Allocated |
|---------------------- |---------:|---------:|---------:|----------:|
| DownloadFileBenchmark | 95.02 ms | 1.721 ms | 2.679 ms |  24.23 KB |

// * Hints *
Outliers
  DownloadBenchmark.DownloadFileBenchmark: Default -> 2 outliers were removed (103.30 ms, 111.76 ms)

// * Legends *
  Mean      : Arithmetic mean of all measurements
  Error     : Half of 99.9% confidence interval
  StdDev    : Standard deviation of all measurements
  Allocated : Allocated memory per single operation (managed only, inclusive, 1KB = 1024B)
  1 ms      : 1 Millisecond (0.001 sec)

// * Diagnostic Output - MemoryDiagnoser *


// ***** BenchmarkRunner: End *****
Run time: 00:00:19 (19.83 sec), executed benchmarks: 1

Global total time: 00:00:39 (39.35 sec), executed benchmarks: 1
// * Artifacts cleanup *
Artifacts cleanup is finished
